// Jest Snapshot v1, https://goo.gl/fbAQLP

exports[`renders correctly with function handle change 1`] = `
<div
  className="UserInput__BankContainer-sc-1r0dns6-0 iReAWk"
>
  <h2
    className="UserInput__Title-sc-1r0dns6-1 cAYqQh"
  >
    Tell us about yourself
  </h2>
  <div
    className="form-group"
  >
    <label
      htmlFor="businessName"
    >
      Full Legal Name :
    </label>
    <input
      className="form-control"
      id="businessName"
      name="businessName"
      onChange={[Function]}
      placeholder="Full name as per your ID card"
      required={true}
      type="text"
    />
  </div>
  <div
    className="form-group"
  >
    <label
      htmlFor="phoneNumber"
    >
      Mobile Phone*
    </label>
    <div
      className="input-group mb-2 mr-sm-2 mb-sm-0"
    >
      <div
        className="input-group-prepend"
      >
        <span
          className="input-group-text"
          id="basic-addon1"
        >
          +65
        </span>
      </div>
      <input
        className="form-control"
        id="phoneNumber"
        name="phoneNumber"
        onChange={[Function]}
        placeholder="91234567"
        required={true}
        type="text"
      />
    </div>
  </div>
  <div
    className="form-group"
  >
    <label
      htmlFor="businessNumber"
    >
      Business Registration Number (UEN)*:
    </label>
    <input
      className="form-control"
      id="businessNumber"
      name="businessNumber"
      onChange={[Function]}
      placeholder="Fill Business Registration Number"
      required={true}
      type="text"
    />
  </div>
</div>
`;

exports[`renders correctly without function handle change 1`] = `
<div
  className="UserInput__BankContainer-sc-1r0dns6-0 iReAWk"
>
  <h2
    className="UserInput__Title-sc-1r0dns6-1 cAYqQh"
  >
    Tell us about yourself
  </h2>
  <div
    className="form-group"
  >
    <label
      htmlFor="businessName"
    >
      Full Legal Name :
    </label>
    <input
      className="form-control"
      id="businessName"
      name="businessName"
      onChange={[Function]}
      placeholder="Full name as per your ID card"
      required={true}
      type="text"
    />
  </div>
  <div
    className="form-group"
  >
    <label
      htmlFor="phoneNumber"
    >
      Mobile Phone*
    </label>
    <div
      className="input-group mb-2 mr-sm-2 mb-sm-0"
    >
      <div
        className="input-group-prepend"
      >
        <span
          className="input-group-text"
          id="basic-addon1"
        >
          +65
        </span>
      </div>
      <input
        className="form-control"
        id="phoneNumber"
        name="phoneNumber"
        onChange={[Function]}
        placeholder="91234567"
        required={true}
        type="text"
      />
    </div>
  </div>
  <div
    className="form-group"
  >
    <label
      htmlFor="businessNumber"
    >
      Business Registration Number (UEN)*:
    </label>
    <input
      className="form-control"
      id="businessNumber"
      name="businessNumber"
      onChange={[Function]}
      placeholder="Fill Business Registration Number"
      required={true}
      type="text"
    />
  </div>
</div>
`;
